[ +575 ms] Artifact Instance of 'MaterialFonts' is not required, skipping update.
[        ] Artifact Instance of 'GradleWrapper' is not required, skipping update.
[        ] Artifact Instance of 'AndroidGenSnapshotArtifacts' is not required, skipping update.
[        ] Artifact Instance of 'AndroidInternalBuildArtifacts' is not required, skipping update.
[        ] Artifact Instance of 'IOSEngineArtifacts' is not required, skipping update.
[        ] Artifact Instance of 'FlutterWebSdk' is not required, skipping update.
[   +2 ms] Artifact Instance of 'LegacyCanvasKitRemover' is not required, skipping update.
[        ] Artifact Instance of 'FlutterSdk' is not required, skipping update.
[        ] Artifact Instance of 'WindowsEngineArtifacts' is not required, skipping update.
[        ] Artifact Instance of 'MacOSEngineArtifacts' is not required, skipping update.
[        ] Artifact Instance of 'LinuxEngineArtifacts' is not required, skipping update.
[        ] Artifact Instance of 'LinuxFuchsiaSDKArtifacts' is not required, skipping update.
[        ] Artifact Instance of 'MacOSFuchsiaSDKArtifacts' is not required, skipping update.
[        ] Artifact Instance of 'FlutterRunnerSDKArtifacts' is not required, skipping update.
[        ] Artifact Instance of 'FlutterRunnerDebugSymbols' is not required, skipping update.
[        ] Artifact Instance of 'IosUsbArtifacts' is not required, skipping update.
[        ] Artifact Instance of 'IosUsbArtifacts' is not required, skipping update.
[        ] Artifact Instance of 'IosUsbArtifacts' is not required, skipping update.
[        ] Artifact Instance of 'IosUsbArtifacts' is not required, skipping update.
[        ] Artifact Instance of 'IosUsbArtifacts' is not required, skipping update.
[        ] Artifact Instance of 'IosUsbArtifacts' is not required, skipping update.
[        ] Artifact Instance of 'FontSubsetArtifacts' is not required, skipping update.
[        ] Artifact Instance of 'PubDependencies' is not required, skipping update.
[   +2 ms] executing: [C:\flutter/] git -c log.showSignature=false log HEAD -n 1 --pretty=format:%ad --date=iso
[ +129 ms] Exit code 0 from: git -c log.showSignature=false log HEAD -n 1 --pretty=format:%ad --date=iso
[        ] 2026-03-03 16:03:22 -0800
[  +22 ms] Artifact Instance of 'AndroidGenSnapshotArtifacts' is not required, skipping update.
[        ] Artifact Instance of 'AndroidInternalBuildArtifacts' is not required, skipping update.
[        ] Artifact Instance of 'IOSEngineArtifacts' is not required, skipping update.
[        ] Artifact Instance of 'FlutterWebSdk' is not required, skipping update.
[        ] Artifact Instance of 'FlutterEngineStamp' is not required, skipping update.
[        ] Artifact Instance of 'LegacyCanvasKitRemover' is not required, skipping update.
[   +5 ms] Artifact Instance of 'WindowsEngineArtifacts' is not required, skipping update.
[        ] Artifact Instance of 'MacOSEngineArtifacts' is not required, skipping update.
[        ] Artifact Instance of 'LinuxEngineArtifacts' is not required, skipping update.
[        ] Artifact Instance of 'LinuxFuchsiaSDKArtifacts' is not required, skipping update.
[        ] Artifact Instance of 'MacOSFuchsiaSDKArtifacts' is not required, skipping update.
[        ] Artifact Instance of 'FlutterRunnerSDKArtifacts' is not required, skipping update.
[        ] Artifact Instance of 'FlutterRunnerDebugSymbols' is not required, skipping update.
[ +179 ms] Artifact Instance of 'MaterialFonts' is not required, skipping update.
[        ] Artifact Instance of 'GradleWrapper' is not required, skipping update.
[   +9 ms] Artifact Instance of 'AndroidInternalBuildArtifacts' is not required, skipping update.
[        ] Artifact Instance of 'IOSEngineArtifacts' is not required, skipping update.
[        ] Artifact Instance of 'FlutterWebSdk' is not required, skipping update.
[        ] Artifact Instance of 'FlutterEngineStamp' is not required, skipping update.
[        ] Artifact Instance of 'LegacyCanvasKitRemover' is not required, skipping update.
[        ] Artifact Instance of 'FlutterSdk' is not required, skipping update.
[        ] Artifact Instance of 'WindowsEngineArtifacts' is not required, skipping update.
[        ] Artifact Instance of 'MacOSEngineArtifacts' is not required, skipping update.
[        ] Artifact Instance of 'LinuxEngineArtifacts' is not required, skipping update.
[        ] Artifact Instance of 'LinuxFuchsiaSDKArtifacts' is not required, skipping update.
[        ] Artifact Instance of 'MacOSFuchsiaSDKArtifacts' is not required, skipping update.
[        ] Artifact Instance of 'FlutterRunnerSDKArtifacts' is not required, skipping update.
[        ] Artifact Instance of 'FlutterRunnerDebugSymbols' is not required, skipping update.
[        ] Artifact Instance of 'IosUsbArtifacts' is not required, skipping update.
[        ] Artifact Instance of 'IosUsbArtifacts' is not required, skipping update.
[        ] Artifact Instance of 'IosUsbArtifacts' is not required, skipping update.
[        ] Artifact Instance of 'IosUsbArtifacts' is not required, skipping update.
[        ] Artifact Instance of 'IosUsbArtifacts' is not required, skipping update.
[        ] Artifact Instance of 'IosUsbArtifacts' is not required, skipping update.
[        ] Artifact Instance of 'FontSubsetArtifacts' is not required, skipping update.
[        ] Artifact Instance of 'PubDependencies' is not required, skipping update.
[ +112 ms] Skipping pub get: version match.
[ +120 ms] Found plugin google_sign_in at C:\Users\vladi\AppData\Local\Pub\Cache\hosted\pub.dev\google_sign_in-6.3.0\
[   +7 ms] Found plugin google_sign_in_web at C:\Users\vladi\AppData\Local\Pub\Cache\hosted\pub.dev\google_sign_in_web-0.12.4+4\
[  +15 ms] Found plugin google_sign_in_ios at C:\Users\vladi\AppData\Local\Pub\Cache\hosted\pub.dev\google_sign_in_ios-5.9.0\
[   +4 ms] Found plugin google_sign_in_android at C:\Users\vladi\AppData\Local\Pub\Cache\hosted\pub.dev\google_sign_in_android-6.2.1\
[   +4 ms] Found plugin flutter_facebook_auth at C:\Users\vladi\AppData\Local\Pub\Cache\hosted\pub.dev\flutter_facebook_auth-7.1.5\
[   +3 ms] Found plugin flutter_facebook_auth_web at C:\Users\vladi\AppData\Local\Pub\Cache\hosted\pub.dev\flutter_facebook_auth_web-6.1.2\
[   +5 ms] Found plugin facebook_auth_desktop at C:\Users\vladi\AppData\Local\Pub\Cache\hosted\pub.dev\facebook_auth_desktop-2.1.1\
[   +4 ms] Found plugin flutter_secure_storage at C:\Users\vladi\AppData\Local\Pub\Cache\hosted\pub.dev\flutter_secure_storage-9.2.4\
[   +4 ms] Found plugin flutter_secure_storage_windows at C:\Users\vladi\AppData\Local\Pub\Cache\hosted\pub.dev\flutter_secure_storage_windows-3.1.2\
[  +21 ms] Found plugin path_provider at C:\Users\vladi\AppData\Local\Pub\Cache\hosted\pub.dev\path_provider-2.1.5\
[   +3 ms] Found plugin path_provider_windows at C:\Users\vladi\AppData\Local\Pub\Cache\hosted\pub.dev\path_provider_windows-2.3.0\
[  +10 ms] Found plugin path_provider_linux at C:\Users\vladi\AppData\Local\Pub\Cache\hosted\pub.dev\path_provider_linux-2.2.1\
[   +7 ms] Found plugin path_provider_foundation at C:\Users\vladi\AppData\Local\Pub\Cache\hosted\pub.dev\path_provider_foundation-2.5.1\
[   +6 ms] Found plugin path_provider_android at C:\Users\vladi\AppData\Local\Pub\Cache\hosted\pub.dev\path_provider_android-2.2.22\
[   +7 ms] Found plugin flutter_secure_storage_web at C:\Users\vladi\AppData\Local\Pub\Cache\hosted\pub.dev\flutter_secure_storage_web-1.2.1\
[   +6 ms] Found plugin flutter_secure_storage_macos at C:\Users\vladi\AppData\Local\Pub\Cache\hosted\pub.dev\flutter_secure_storage_macos-3.1.3\
[   +2 ms] Found plugin flutter_secure_storage_linux at C:\Users\vladi\AppData\Local\Pub\Cache\hosted\pub.dev\flutter_secure_storage_linux-1.2.3\
[   +3 ms] Found plugin firebase_core at C:\Users\vladi\AppData\Local\Pub\Cache\hosted\pub.dev\firebase_core-3.15.2\
[   +4 ms] Found plugin firebase_core_web at C:\Users\vladi\AppData\Local\Pub\Cache\hosted\pub.dev\firebase_core_web-2.24.1\
[   +6 ms] Found plugin firebase_auth at C:\Users\vladi\AppData\Local\Pub\Cache\hosted\pub.dev\firebase_auth-5.7.0\
[   +3 ms] Found plugin firebase_auth_web at C:\Users\vladi\AppData\Local\Pub\Cache\hosted\pub.dev\firebase_auth_web-5.15.3\
[  +11 ms] Found plugin cloud_firestore at C:\Users\vladi\AppData\Local\Pub\Cache\hosted\pub.dev\cloud_firestore-5.6.12\
[   +4 ms] Found plugin cloud_firestore_web at C:\Users\vladi\AppData\Local\Pub\Cache\hosted\pub.dev\cloud_firestore_web-4.4.12\
[  +25 ms] Found plugin sqflite at C:\Users\vladi\AppData\Local\Pub\Cache\hosted\pub.dev\sqflite-2.4.2\
[  +11 ms] Found plugin sqflite_darwin at C:\Users\vladi\AppData\Local\Pub\Cache\hosted\pub.dev\sqflite_darwin-2.4.2\
[   +4 ms] Found plugin sqflite_android at C:\Users\vladi\AppData\Local\Pub\Cache\hosted\pub.dev\sqflite_android-2.4.2+2\
[ +112 ms] Found plugin google_sign_in at C:\Users\vladi\AppData\Local\Pub\Cache\hosted\pub.dev\google_sign_in-6.3.0\
[   +2 ms] Found plugin google_sign_in_web at C:\Users\vladi\AppData\Local\Pub\Cache\hosted\pub.dev\google_sign_in_web-0.12.4+4\
[   +7 ms] Found plugin google_sign_in_ios at C:\Users\vladi\AppData\Local\Pub\Cache\hosted\pub.dev\google_sign_in_ios-5.9.0\
[   +2 ms] Found plugin google_sign_in_android at C:\Users\vladi\AppData\Local\Pub\Cache\hosted\pub.dev\google_sign_in_android-6.2.1\
[   +2 ms] Found plugin flutter_facebook_auth at C:\Users\vladi\AppData\Local\Pub\Cache\hosted\pub.dev\flutter_facebook_auth-7.1.5\
[   +2 ms] Found plugin flutter_facebook_auth_web at C:\Users\vladi\AppData\Local\Pub\Cache\hosted\pub.dev\flutter_facebook_auth_web-6.1.2\
[   +3 ms] Found plugin facebook_auth_desktop at C:\Users\vladi\AppData\Local\Pub\Cache\hosted\pub.dev\facebook_auth_desktop-2.1.1\
[   +2 ms] Found plugin flutter_secure_storage at C:\Users\vladi\AppData\Local\Pub\Cache\hosted\pub.dev\flutter_secure_storage-9.2.4\
[   +2 ms] Found plugin flutter_secure_storage_windows at C:\Users\vladi\AppData\Local\Pub\Cache\hosted\pub.dev\flutter_secure_storage_windows-3.1.2\
[   +5 ms] Found plugin path_provider at C:\Users\vladi\AppData\Local\Pub\Cache\hosted\pub.dev\path_provider-2.1.5\
[   +2 ms] Found plugin path_provider_windows at C:\Users\vladi\AppData\Local\Pub\Cache\hosted\pub.dev\path_provider_windows-2.3.0\
[   +4 ms] Found plugin path_provider_linux at C:\Users\vladi\AppData\Local\Pub\Cache\hosted\pub.dev\path_provider_linux-2.2.1\
[   +2 ms] Found plugin path_provider_foundation at C:\Users\vladi\AppData\Local\Pub\Cache\hosted\pub.dev\path_provider_foundation-2.5.1\
[   +1 ms] Found plugin path_provider_android at C:\Users\vladi\AppData\Local\Pub\Cache\hosted\pub.dev\path_provider_android-2.2.22\
[   +2 ms] Found plugin flutter_secure_storage_web at C:\Users\vladi\AppData\Local\Pub\Cache\hosted\pub.dev\flutter_secure_storage_web-1.2.1\
[   +3 ms] Found plugin flutter_secure_storage_macos at C:\Users\vladi\AppData\Local\Pub\Cache\hosted\pub.dev\flutter_secure_storage_macos-3.1.3\
[   +2 ms] Found plugin flutter_secure_storage_linux at C:\Users\vladi\AppData\Local\Pub\Cache\hosted\pub.dev\flutter_secure_storage_linux-1.2.3\
[   +2 ms] Found plugin firebase_core at C:\Users\vladi\AppData\Local\Pub\Cache\hosted\pub.dev\firebase_core-3.15.2\
[   +3 ms] Found plugin firebase_core_web at C:\Users\vladi\AppData\Local\Pub\Cache\hosted\pub.dev\firebase_core_web-2.24.1\
[   +5 ms] Found plugin firebase_auth at C:\Users\vladi\AppData\Local\Pub\Cache\hosted\pub.dev\firebase_auth-5.7.0\
[   +3 ms] Found plugin firebase_auth_web at C:\Users\vladi\AppData\Local\Pub\Cache\hosted\pub.dev\firebase_auth_web-5.15.3\
[  +10 ms] Found plugin cloud_firestore at C:\Users\vladi\AppData\Local\Pub\Cache\hosted\pub.dev\cloud_firestore-5.6.12\
[   +3 ms] Found plugin cloud_firestore_web at C:\Users\vladi\AppData\Local\Pub\Cache\hosted\pub.dev\cloud_firestore_web-4.4.12\
[  +12 ms] Found plugin sqflite at C:\Users\vladi\AppData\Local\Pub\Cache\hosted\pub.dev\sqflite-2.4.2\
[   +8 ms] Found plugin sqflite_darwin at C:\Users\vladi\AppData\Local\Pub\Cache\hosted\pub.dev\sqflite_darwin-2.4.2\
[   +2 ms] Found plugin sqflite_android at C:\Users\vladi\AppData\Local\Pub\Cache\hosted\pub.dev\sqflite_android-2.4.2+2\
[  +21 ms] Skipping generating web_plugin_registrant.dart because it is up-to-date.
[  +67 ms] Found plugin google_sign_in at C:\Users\vladi\AppData\Local\Pub\Cache\hosted\pub.dev\google_sign_in-6.3.0\
[   +2 ms] Found plugin google_sign_in_web at C:\Users\vladi\AppData\Local\Pub\Cache\hosted\pub.dev\google_sign_in_web-0.12.4+4\
[   +7 ms] Found plugin google_sign_in_ios at C:\Users\vladi\AppData\Local\Pub\Cache\hosted\pub.dev\google_sign_in_ios-5.9.0\
[   +1 ms] Found plugin google_sign_in_android at C:\Users\vladi\AppData\Local\Pub\Cache\hosted\pub.dev\google_sign_in_android-6.2.1\
[   +1 ms] Found plugin flutter_facebook_auth at C:\Users\vladi\AppData\Local\Pub\Cache\hosted\pub.dev\flutter_facebook_auth-7.1.5\
[   +2 ms] Found plugin flutter_facebook_auth_web at C:\Users\vladi\AppData\Local\Pub\Cache\hosted\pub.dev\flutter_facebook_auth_web-6.1.2\
[   +3 ms] Found plugin facebook_auth_desktop at C:\Users\vladi\AppData\Local\Pub\Cache\hosted\pub.dev\facebook_auth_desktop-2.1.1\
[   +1 ms] Found plugin flutter_secure_storage at C:\Users\vladi\AppData\Local\Pub\Cache\hosted\pub.dev\flutter_secure_storage-9.2.4\
[   +1 ms] Found plugin flutter_secure_storage_windows at C:\Users\vladi\AppData\Local\Pub\Cache\hosted\pub.dev\flutter_secure_storage_windows-3.1.2\
[   +4 ms] Found plugin path_provider at C:\Users\vladi\AppData\Local\Pub\Cache\hosted\pub.dev\path_provider-2.1.5\
[   +2 ms] Found plugin path_provider_windows at C:\Users\vladi\AppData\Local\Pub\Cache\hosted\pub.dev\path_provider_windows-2.3.0\
[   +5 ms] Found plugin path_provider_linux at C:\Users\vladi\AppData\Local\Pub\Cache\hosted\pub.dev\path_provider_linux-2.2.1\
[   +3 ms] Found plugin path_provider_foundation at C:\Users\vladi\AppData\Local\Pub\Cache\hosted\pub.dev\path_provider_foundation-2.5.1\
[   +2 ms] Found plugin path_provider_android at C:\Users\vladi\AppData\Local\Pub\Cache\hosted\pub.dev\path_provider_android-2.2.22\
[   +3 ms] Found plugin flutter_secure_storage_web at C:\Users\vladi\AppData\Local\Pub\Cache\hosted\pub.dev\flutter_secure_storage_web-1.2.1\
[   +3 ms] Found plugin flutter_secure_storage_macos at C:\Users\vladi\AppData\Local\Pub\Cache\hosted\pub.dev\flutter_secure_storage_macos-3.1.3\
[   +1 ms] Found plugin flutter_secure_storage_linux at C:\Users\vladi\AppData\Local\Pub\Cache\hosted\pub.dev\flutter_secure_storage_linux-1.2.3\
[   +2 ms] Found plugin firebase_core at C:\Users\vladi\AppData\Local\Pub\Cache\hosted\pub.dev\firebase_core-3.15.2\
[   +1 ms] Found plugin firebase_core_web at C:\Users\vladi\AppData\Local\Pub\Cache\hosted\pub.dev\firebase_core_web-2.24.1\
[   +3 ms] Found plugin firebase_auth at C:\Users\vladi\AppData\Local\Pub\Cache\hosted\pub.dev\firebase_auth-5.7.0\
[   +2 ms] Found plugin firebase_auth_web at C:\Users\vladi\AppData\Local\Pub\Cache\hosted\pub.dev\firebase_auth_web-5.15.3\
[   +7 ms] Found plugin cloud_firestore at C:\Users\vladi\AppData\Local\Pub\Cache\hosted\pub.dev\cloud_firestore-5.6.12\
[   +2 ms] Found plugin cloud_firestore_web at C:\Users\vladi\AppData\Local\Pub\Cache\hosted\pub.dev\cloud_firestore_web-4.4.12\
[  +11 ms] Found plugin sqflite at C:\Users\vladi\AppData\Local\Pub\Cache\hosted\pub.dev\sqflite-2.4.2\
[   +5 ms] Found plugin sqflite_darwin at C:\Users\vladi\AppData\Local\Pub\Cache\hosted\pub.dev\sqflite_darwin-2.4.2\
[   +2 ms] Found plugin sqflite_android at C:\Users\vladi\AppData\Local\Pub\Cache\hosted\pub.dev\sqflite_android-2.4.2+2\
[  +27 ms] Generating C:\Users\vladi\Dev\Almendra-app\android\app\src\main\java\io\flutter\plugins\GeneratedPluginRegistrant.java
[   +2 ms] Skipping generating GeneratedPluginRegistrant.java because it is up-to-date.
[   +4 ms] Skipping generating GeneratedPluginRegistrant.h because it is up-to-date.
[   +3 ms] Skipping generating GeneratedPluginRegistrant.m because it is up-to-date.
[  +98 ms] executing: C:\Program Files\Android\Android Studio\jbr\bin\java -version
[ +223 ms] Exit code 0 from: C:\Program Files\Android\Android Studio\jbr\bin\java -version
[        ] openjdk version "21.0.6" 2025-01-21
           OpenJDK Runtime Environment (build 21.0.6+-13391695-b895.109)
           OpenJDK 64-Bit Server VM (build 21.0.6+-13391695-b895.109, mixed mode)
[   +3 ms] executing: C:\Program Files\Android\Android Studio1\jbr\bin\java -version
[ +307 ms] Exit code 0 from: C:\Program Files\Android\Android Studio1\jbr\bin\java -version
[        ] openjdk version "21.0.9" 2025-10-21
           OpenJDK Runtime Environment (build 21.0.9+-14787801-b1163.94)
           OpenJDK 64-Bit Server VM (build 21.0.9+-14787801-b1163.94, mixed mode)
[  +20 ms] Top-level Gradle build file not found, skipping migration of task "clean".
[   +3 ms] executing: C:\Program Files\Android\Android Studio1\jbr\bin\java --version
[ +194 ms] Exit code 0 from: C:\Program Files\Android\Android Studio1\jbr\bin\java --version
[        ] openjdk 21.0.9 2025-10-21
           OpenJDK Runtime Environment (build 21.0.9+-14787801-b1163.94)
           OpenJDK 64-Bit Server VM (build 21.0.9+-14787801-b1163.94, mixed mode)
[   +3 ms] Version of Java is different than impacted version, no migration attempted.
[  +35 ms] CMake project not found, skipping support Android 15 16k page size migration.
[  +11 ms] Using gradle from C:\Users\vladi\Dev\Almendra-app\android\gradlew.bat.
[  +23 ms] LocalFile: 'C:\Users\vladi\Dev\Almendra-app\android\build.gradle.kts' doesn't provide an AGP version. Checking settings.
[   +1 ms] LocalFile: 'C:\Users\vladi\Dev\Almendra-app\android\settings.gradle.kts' provides AGP version: 8.9.1
[   +8 ms] Running Gradle task 'assembleDebug'...
[   +2 ms] executing: [C:\Users\vladi\Dev\Almendra-app\android/] C:\Users\vladi\Dev\Almendra-app\android\gradlew.bat --full-stacktrace --info -Pverbose=true -Ptarget-platform=android-arm,android-arm64,android-x64 -Ptarget=lib\main.dart -Pbase-application-name=android.app.Application -Pdart-defines=RkxVVFRFUl9WRVJTSU9OPTMuNDEuNA==,RkxVVFRFUl9DSEFOTkVMPXN0YWJsZQ==,RkxVVFRFUl9HSVRfVVJMPWh0dHBzOi8vZ2l0aHViLmNvbS9mbHV0dGVyL2ZsdXR0ZXIuZ2l0,RkxVVFRFUl9GUkFNRVdPUktfUkVWSVNJT049ZmYzN2JlZjYwMw==,RkxVVFRFUl9FTkdJTkVfUkVWSVNJT049ZTRiOGRjYTNmMQ==,RkxVVFRFUl9EQVJUX1ZFUlNJT049My4xMS4x -Pdart-obfuscation=false -Ptrack-widget-creation=true -Ptree-shake-icons=false assembleDebug
[+2848 ms] Initialized native services in: C:\Users\vladi\.gradle\native
[   +3 ms] Initialized jansi services in: C:\Users\vladi\.gradle\native
[ +132 ms] Welcome to Gradle 8.12!
[        ] Here are the highlights of this release:
[        ]  - Enhanced error and warning reporting with the Problems API
[        ]  - File-system watching support on Alpine Linux
[        ]  - Build and test Swift 6 libraries and apps
[        ] For more details see https://docs.gradle.org/8.12/release-notes.html
[ +881 ms] The client will now receive all logging from the daemon (pid: 21292). The daemon log file: C:\Users\vladi\.gradle\daemon\8.12\daemon-21292.out.log
[        ] Starting 2nd build in daemon [uptime: 14 mins 5.601 secs, performance: 100%, GC rate: 0.00/s, heap usage: 0% of 8 GiB, non-heap usage: 4% of 4 GiB]
[ +106 ms] Using 8 worker leases.
[ +199 ms] Now considering [C:\Users\vladi\Dev\Almendra-app\android, C:\flutter\packages\flutter_tools\gradle] as hierarchies to watch
[        ] Watching the file system is configured to be enabled if available
[  +94 ms] File system watching is active
[        ] Starting Build
[ +306 ms] Now considering [C:\flutter\packages\flutter_tools\gradle, C:\Users\vladi\Dev\Almendra-app\android] as hierarchies to watch
[+1997 ms] > Configure project :gradle
[        ] Evaluating project ':gradle' using build file 'C:\flutter\packages\flutter_tools\gradle\build.gradle.kts'.
[        ] Resolved plugin [id: 'org.gradle.java-gradle-plugin']
[        ] Resolved plugin [id: 'org.gradle.groovy']
[        ] Resolved plugin [id: 'org.gradle.kotlin.kotlin-dsl', version: '5.1.2']
[        ] Resolved plugin [id: 'org.jetbrains.kotlin.jvm', version: '1.9.20']
[        ] Using Kotlin Gradle Plugin gradle85 variant
[        ] kotlin scripting plugin: created the scripting discovery configuration: kotlinScriptDef
[        ] kotlin scripting plugin: created the scripting discovery configuration: testKotlinScriptDef
[        ] file or directory 'C:\flutter\packages\flutter_tools\gradle\src\main\java', not found
[ +101 ms] Resolved plugin [id: 'dev.flutter.flutter-plugin-loader', version: '1.0.0']
[   +1 ms] Resolved plugin [id: 'com.android.application', version: '8.9.1', apply: false]
[   +1 ms] Resolved plugin [id: 'org.jetbrains.kotlin.android', version: '2.1.0', apply: false]
[        ] Resolved plugin [id: 'com.google.gms.google-services', version: '4.4.2', apply: false]
[ +287 ms] Resolve mutations for :gradle:checkKotlinGradlePluginConfigurationErrors (Thread[#188,Execution worker,5,main]) started.
[        ] :gradle:checkKotlinGradlePluginConfigurationErrors (Thread[#188,Execution worker,5,main]) started.
[        ] > Task :gradle:checkKotlinGradlePluginConfigurationErrors SKIPPED
[        ] Skipping task ':gradle:checkKotlinGradlePluginConfigurationErrors' as task onlyIf 'errorDiagnostics are present' is false.
[        ] Resolve mutations for :gradle:compileKotlin (Thread[#188,Execution worker,5,main]) started.
[        ] :gradle:compileKotlin (Thread[#188,Execution worker,5,main]) started.
[+1298 ms] > Task :gradle:compileKotlin UP-TO-DATE
[        ] Caching disabled for task ':gradle:compileKotlin' because:
[        ]   Build cache is disabled
[        ] Skipping task ':gradle:compileKotlin' as it is up-to-date.
[        ] Resolve mutations for :gradle:compileJava (Thread[#188,Execution worker,5,main]) started.
[        ] :gradle:compileJava (Thread[#188,Execution worker,5,main]) started.
[        ] > Task :gradle:compileJava NO-SOURCE
[        ] Skipping task ':gradle:compileJava' as it has no source files and no previous output files.
[        ] Resolve mutations for :gradle:compileGroovy (Thread[#188,Execution worker,5,main]) started.
[        ] :gradle:compileGroovy (Thread[#188,Execution worker,5,main]) started.
[        ] > Task :gradle:compileGroovy NO-SOURCE
[        ] Skipping task ':gradle:compileGroovy' as it has no source files and no previous output files.
[        ] Resolve mutations for :gradle:pluginDescriptors (Thread[#188,Execution worker,5,main]) started.
[        ] :gradle:pluginDescriptors (Thread[#188,Execution worker,5,main]) started.
[  +99 ms] > Task :gradle:pluginDescriptors UP-TO-DATE
[        ] Caching disabled for task ':gradle:pluginDescriptors' because:
[        ]   Build cache is disabled
[        ]   Not worth caching
[        ] Skipping task ':gradle:pluginDescriptors' as it is up-to-date.
[        ] Resolve mutations for :gradle:processResources (Thread[#188,Execution worker,5,main]) started.
[        ] :gradle:processResources (Thread[#188,Execution worker,5,main]) started.
[        ] > Task :gradle:processResources UP-TO-DATE
[        ] Caching disabled for task ':gradle:processResources' because:
[        ]   Build cache is disabled
[        ]   Not worth caching
[   +1 ms] Skipping task ':gradle:processResources' as it is up-to-date.
[        ] Resolve mutations for :gradle:classes (Thread[#193,Execution worker Thread 6,5,main]) started.
[   +1 ms] :gradle:classes (Thread[#193,Execution worker Thread 6,5,main]) started.
[        ] > Task :gradle:classes UP-TO-DATE
[        ] Skipping task ':gradle:classes' as it has no actions.
[        ] Resolve mutations for :gradle:jar (Thread[#193,Execution worker Thread 6,5,main]) started.
[        ] :gradle:jar (Thread[#193,Execution worker Thread 6,5,main]) started.
[        ] > Task :gradle:jar UP-TO-DATE
[        ] Caching disabled for task ':gradle:jar' because:
[        ]   Build cache is disabled
[        ]   Not worth caching
[        ] Skipping task ':gradle:jar' as it is up-to-date.
[+1290 ms] Settings evaluated using settings file 'C:\Users\vladi\Dev\Almendra-app\android\settings.gradle.kts'.
[  +94 ms] Projects loaded. Root project using build file 'C:\Users\vladi\Dev\Almendra-app\android\build.gradle.kts'.
[        ] Included projects: [root project 'android', project ':app', project ':cloud_firestore', project ':firebase_auth', project ':firebase_core', project ':flutter_facebook_auth', project ':flutter_secure_storage', project ':google_sign_in_android', project ':path_provider_android', project ':sqflite_android']
[+1996 ms] > Configure project :
[        ] Evaluating root project 'android' using build file 'C:\Users\vladi\Dev\Almendra-app\android\build.gradle.kts'.
[+3613 ms] > Configure project :app
[        ] Evaluating project ':app' using build file 'C:\Users\vladi\Dev\Almendra-app\android\app\build.gradle.kts'.
[        ] Resolved plugin [id: 'com.android.application']
[        ] Resolved plugin [id: 'kotlin-android']
[        ] Resolved plugin [id: 'com.google.gms.google-services']
[        ] Resolved plugin [id: 'dev.flutter.flutter-gradle-plugin']
[        ] Using default execution profile
[        ] Using Kotlin Gradle Plugin gradle85 variant
[        ] Caching disabled for Kotlin DSL script compilation (Project/TopLevel/stage2) because:
[        ]   Build cache is disabled
[        ] w: file:///C:/Users/vladi/Dev/Almendra-app/android/app/build.gradle.kts:42:55: No cast needed
[        ] w: file:///C:/Users/vladi/Dev/Almendra-app/android/app/build.gradle.kts:43:61: No cast needed
[        ] w: file:///C:/Users/vladi/Dev/Almendra-app/android/app/build.gradle.kts:45:65: No cast needed
[   +1 ms] e: file:///C:/Users/vladi/Dev/Almendra-app/android/app/build.gradle.kts:34:35: Unresolved reference: util
[   +3 ms] e: file:///C:/Users/vladi/Dev/Almendra-app/android/app/build.gradle.kts:37:38: Unresolved reference: io
[        ] e: file:///C:/Users/vladi/Dev/Almendra-app/android/app/build.gradle.kts:44:69: Expression expected, but a package name found
[  +91 ms] FAILURE: Build failed with an exception.
[        ] * Where:
[        ] Build file 'C:\Users\vladi\Dev\Almendra-app\android\app\build.gradle.kts' line: 34
[   +3 ms] * What went wrong:
[   +1 ms] Script compilation errors:
[        ]   Line 34:     val keystoreProperties = java.util.Properties()
[        ]                                              ^ Unresolved reference: util
[        ]   Line 37:         keystoreProperties.load(java.io.FileInputStream(keystorePropertiesFile))
[        ]                                                 ^ Unresolved reference: io
[        ]   Line 44:             storeFile = keystoreProperties["storeFile"]?.let { file(it) }
[   +6 ms]                                                                                ^ Expression expected, but a package name found
[   +1 ms] 3 errors
[        ] * Try:
[   +2 ms] > Run with --debug option to get more log output.
[        ] > Run with --scan to get full insights.
[   +1 ms] > Get more help at https://help.gradle.org.
[        ] * Exception is:
[        ] ScriptCompilationException(scriptCompilationErrors=[ScriptCompilationError(message=Unresolved reference: util, location=C:\Users\vladi\.gradle\.tmp\gradle-kotlin-dsl-13594446684368082636.tmp\build.gradle.kts (34:35)), ScriptCompilationError(message=Unresolved reference: io, location=C:\Users\vladi\.gradle\.tmp\gradle-kotlin-dsl-13594446684368082636.tmp\build.gradle.kts (37:38)), ScriptCompilationError(message=Expression expected, but a package name found, location=C:\Users\vladi\.gradle\.tmp\gradle-kotlin-dsl-13594446684368082636.tmp\build.gradle.kts (44:69))])
[        ] 	at org.gradle.kotlin.dsl.support.KotlinCompilerKt.compileKotlinScriptModuleTo(KotlinCompiler.kt:190)
[        ] 	at org.gradle.kotlin.dsl.support.KotlinCompilerKt.compileKotlinScriptToDirectory(KotlinCompiler.kt:148)
[        ] 	at org.gradle.kotlin.dsl.execution.ResidualProgramCompiler$compileScript$1.invoke(ResidualProgramCompiler.kt:713)
[        ] 	at org.gradle.kotlin.dsl.execution.ResidualProgramCompiler$compileScript$1.invoke(ResidualProgramCompiler.kt:712)
[        ] 	at org.gradle.kotlin.dsl.provider.StandardKotlinScriptEvaluator$InterpreterHost$runCompileBuildOperation$1.call(KotlinScriptEvaluator.kt:206)
[        ] 	at org.gradle.kotlin.dsl.provider.StandardKotlinScriptEvaluator$InterpreterHost$runCompileBuildOperation$1.call(KotlinScriptEvaluator.kt:203)
[        ] 	at org.gradle.internal.operations.DefaultBuildOperationRunner$CallableBuildOperationWorker.execute(DefaultBuildOperationRunner.java:209)
[        ] 	at org.gradle.internal.operations.DefaultBuildOperationRunner$CallableBuildOperationWorker.execute(DefaultBuildOperationRunner.java:204)
[        ] 	at org.gradle.internal.operations.DefaultBuildOperationRunner$2.execute(DefaultBuildOperationRunner.java:66)
[  +56 ms] 	at org.gradle.internal.operations.DefaultBuildOperationRunner$2.execute(DefaultBuildOperationRunner.java:59)
[        ] 	at org.gradle.internal.operations.DefaultBuildOperationRunner.execute(DefaultBuildOperationRunner.java:166)
[        ] 	at org.gradle.internal.operations.DefaultBuildOperationRunner.execute(DefaultBuildOperationRunner.java:59)
[   +1 ms] 	at org.gradle.internal.operations.DefaultBuildOperationRunner.call(DefaultBuildOperationRunner.java:53)
[   +1 ms] 	at org.gradle.kotlin.dsl.provider.StandardKotlinScriptEvaluator$InterpreterHost.runCompileBuildOperation(KotlinScriptEvaluator.kt:203)
[        ] 	at org.gradle.kotlin.dsl.execution.Interpreter$ProgramHost$compileSecondStageOf$cacheDir$1$1$1$1$1.invoke(Interpreter.kt:492)
[        ] 	at org.gradle.kotlin.dsl.execution.Interpreter$ProgramHost$compileSecondStageOf$cacheDir$1$1$1$1$1.invoke(Interpreter.kt:492)
[        ] 	at org.gradle.kotlin.dsl.execution.ResidualProgramCompiler.compileScript-C5AE47M(ResidualProgramCompiler.kt:712)
[        ] 	at org.gradle.kotlin.dsl.execution.ResidualProgramCompiler.compileScript-C5AE47M$default(ResidualProgramCompiler.kt:705)
[        ] 	at org.gradle.kotlin.dsl.execution.ResidualProgramCompiler.emitStage2ProgramFor(ResidualProgramCompiler.kt:364)
[        ] 	at org.gradle.kotlin.dsl.execution.Interpreter$ProgramHost$compileSecondStageOf$cacheDir$1.invoke(Interpreter.kt:493)
[        ] 	at org.gradle.kotlin.dsl.execution.Interpreter$ProgramHost$compileSecondStageOf$cacheDir$1.invoke(Interpreter.kt:469)
[        ] 	at org.gradle.kotlin.dsl.provider.StandardKotlinScriptEvaluator$KotlinScriptCompilationAndInstrumentation.compile(KotlinScriptEvaluator.kt:437)
[  +11 ms] 	at org.gradle.internal.scripts.BuildScriptCompilationAndInstrumentation.execute(BuildScriptCompilationAndInstrumentation.java:136)
[        ] 	at org.gradle.internal.execution.steps.ExecuteStep.executeInternal(ExecuteStep.java:105)
[        ] 	at org.gradle.internal.execution.steps.ExecuteStep.access$000(ExecuteStep.java:44)
[        ] 	at org.gradle.internal.execution.steps.ExecuteStep$1.call(ExecuteStep.java:59)
[        ] 	at org.gradle.internal.execution.steps.ExecuteStep$1.call(ExecuteStep.java:56)
[        ] 	at org.gradle.internal.operations.DefaultBuildOperationRunner$CallableBuildOperationWorker.execute(DefaultBuildOperationRunner.java:209)
[        ] 	at org.gradle.internal.operations.DefaultBuildOperationRunner$CallableBuildOperationWorker.execute(DefaultBuildOperationRunner.java:204)
[        ] 	at org.gradle.internal.operations.DefaultBuildOperationRunner$2.execute(DefaultBuildOperationRunner.java:66)
[        ] 	at org.gradle.internal.operations.DefaultBuildOperationRunner$2.execute(DefaultBuildOperationRunner.java:59)
[        ] 	at org.gradle.internal.operations.DefaultBuildOperationRunner.execute(DefaultBuildOperationRunner.java:166)
[        ] 	at org.gradle.internal.operations.DefaultBuildOperationRunner.execute(DefaultBuildOperationRunner.java:59)
[        ] 	at org.gradle.internal.operations.DefaultBuildOperationRunner.call(DefaultBuildOperationRunner.java:53)
[   +1 ms] 	at org.gradle.internal.execution.steps.ExecuteStep.execute(ExecuteStep.java:56)
[        ] 	at org.gradle.internal.execution.steps.ExecuteStep.execute(ExecuteStep.java:44)
[        ] 	at org.gradle.internal.execution.steps.CancelExecutionStep.execute(CancelExecutionStep.java:42)
[        ] 	at org.gradle.internal.execution.steps.TimeoutStep.executeWithoutTimeout(TimeoutStep.java:75)
[        ] 	at org.gradle.internal.execution.steps.TimeoutStep.execute(TimeoutStep.java:55)
[        ] 	at org.gradle.internal.execution.steps.PreCreateOutputParentsStep.execute(PreCreateOutputParentsStep.java:50)
[        ] 	at org.gradle.internal.execution.steps.PreCreateOutputParentsStep.execute(PreCreateOutputParentsStep.java:28)
[        ] 	at org.gradle.internal.execution.steps.BroadcastChangingOutputsStep.execute(BroadcastChangingOutputsStep.java:61)
[        ] 	at org.gradle.internal.execution.steps.BroadcastChangingOutputsStep.execute(BroadcastChangingOutputsStep.java:26)
[        ] 	at org.gradle.internal.execution.steps.NoInputChangesStep.execute(NoInputChangesStep.java:30)
[        ] 	at org.gradle.internal.execution.steps.NoInputChangesStep.execute(NoInputChangesStep.java:21)
[        ] 	at org.gradle.internal.execution.steps.CaptureOutputsAfterExecutionStep.execute(CaptureOutputsAfterExecutionStep.java:69)
[        ] 	at org.gradle.internal.execution.steps.CaptureOutputsAfterExecutionStep.execute(CaptureOutputsAfterExecutionStep.java:46)
[        ] 	at org.gradle.internal.execution.steps.BuildCacheStep.executeWithoutCache(BuildCacheStep.java:189)
[        ] 	at org.gradle.internal.execution.steps.BuildCacheStep.lambda$execute$1(BuildCacheStep.java:75)
[        ] 	at org.gradle.internal.Either$Right.fold(Either.java:175)
[        ] 	at org.gradle.internal.execution.caching.CachingState.fold(CachingState.java:62)
[        ] 	at org.gradle.internal.execution.steps.BuildCacheStep.execute(BuildCacheStep.java:73)
[        ] 	at org.gradle.internal.execution.steps.BuildCacheStep.execute(BuildCacheStep.java:48)
[        ] 	at org.gradle.internal.execution.steps.NeverUpToDateStep.execute(NeverUpToDateStep.java:34)
[        ] 	at org.gradle.internal.execution.steps.NeverUpToDateStep.execute(NeverUpToDateStep.java:22)
[        ] 	at org.gradle.internal.execution.steps.legacy.MarkSnapshottingInputsFinishedStep.execute(MarkSnapshottingInputsFinishedStep.java:37)
[        ] 	at org.gradle.internal.execution.steps.legacy.MarkSnapshottingInputsFinishedStep.execute(MarkSnapshottingInputsFinishedStep.java:27)
[        ] 	at org.gradle.internal.execution.steps.ResolveNonIncrementalCachingStateStep.executeDelegate(ResolveNonIncrementalCachingStateStep.java:50)
[        ] 	at org.gradle.internal.execution.steps.AbstractResolveCachingStateStep.execute(AbstractResolveCachingStateStep.java:71)
[        ] 	at org.gradle.internal.execution.steps.AbstractResolveCachingStateStep.execute(AbstractResolveCachingStateStep.java:39)
[        ] 	at org.gradle.internal.execution.steps.ValidateStep.execute(ValidateStep.java:107)
[        ] 	at org.gradle.internal.execution.steps.ValidateStep.execute(ValidateStep.java:56)
[        ] 	at org.gradle.internal.execution.steps.AbstractCaptureStateBeforeExecutionStep.execute(AbstractCaptureStateBeforeExecutionStep.java:64)
[        ] 	at org.gradle.internal.execution.steps.AbstractCaptureStateBeforeExecutionStep.execute(AbstractCaptureStateBeforeExecutionStep.java:43)
[        ] 	at org.gradle.internal.execution.steps.legacy.MarkSnapshottingInputsStartedStep.execute(MarkSnapshottingInputsStartedStep.java:38)
[        ] 	at org.gradle.internal.execution.steps.AssignImmutableWorkspaceStep.lambda$executeInTemporaryWorkspace$3(AssignImmutableWorkspaceStep.java:209)
[        ] 	at org.gradle.internal.execution.workspace.impl.CacheBasedImmutableWorkspaceProvider$1.withTemporaryWorkspace(CacheBasedImmutableWorkspaceProvider.java:116)
[        ] 	at org.gradle.internal.execution.steps.AssignImmutableWorkspaceStep.executeInTemporaryWorkspace(AssignImmutableWorkspaceStep.java:199)
[        ] 	at org.gradle.internal.execution.steps.AssignImmutableWorkspaceStep.lambda$execute$0(AssignImmutableWorkspaceStep.java:121)
[        ] 	at java.base/java.util.Optional.orElseGet(Unknown Source)
[        ] 	at org.gradle.internal.execution.steps.AssignImmutableWorkspaceStep.execute(AssignImmutableWorkspaceStep.java:121)
[   +1 ms] 	at org.gradle.internal.execution.steps.AssignImmutableWorkspaceStep.execute(AssignImmutableWorkspaceStep.java:90)
[        ] 	at org.gradle.internal.execution.steps.ChoosePipelineStep.execute(ChoosePipelineStep.java:38)
[        ] 	at org.gradle.internal.execution.steps.ChoosePipelineStep.execute(ChoosePipelineStep.java:23)
[        ] 	at org.gradle.internal.execution.steps.ExecuteWorkBuildOperationFiringStep.lambda$execute$2(ExecuteWorkBuildOperationFiringStep.java:67)
[        ] 	at java.base/java.util.Optional.orElseGet(Unknown Source)
[        ] 	at org.gradle.internal.execution.steps.ExecuteWorkBuildOperationFiringStep.execute(ExecuteWorkBuildOperationFiringStep.java:67)
[        ] 	at org.gradle.internal.execution.steps.ExecuteWorkBuildOperationFiringStep.execute(ExecuteWorkBuildOperationFiringStep.java:39)
[        ] 	at org.gradle.internal.execution.steps.IdentityCacheStep.execute(IdentityCacheStep.java:46)
[        ] 	at org.gradle.internal.execution.steps.IdentityCacheStep.execute(IdentityCacheStep.java:34)
[        ] 	at org.gradle.internal.execution.steps.IdentifyStep.execute(IdentifyStep.java:48)
[        ] 	at org.gradle.internal.execution.steps.IdentifyStep.execute(IdentifyStep.java:35)
[        ] 	at org.gradle.internal.execution.impl.DefaultExecutionEngine$1.execute(DefaultExecutionEngine.java:61)
[        ] 	at org.gradle.kotlin.dsl.provider.StandardKotlinScriptEvaluator$InterpreterHost.cachedDirFor(KotlinScriptEvaluator.kt:301)
[        ] 	at org.gradle.kotlin.dsl.execution.Interpreter$ProgramHost.compileSecondStageOf(Interpreter.kt:469)
[        ] 	at Program.loadSecondStageFor(Unknown Source)
[        ] 	at org.gradle.kotlin.dsl.execution.Interpreter$ProgramHost.evaluateSecondStageOf(Interpreter.kt:433)
[        ] 	at Program.execute(Unknown Source)
[        ] 	at org.gradle.kotlin.dsl.execution.Interpreter$ProgramHost.eval(Interpreter.kt:516)
[        ] 	at org.gradle.kotlin.dsl.execution.Interpreter.eval(Interpreter.kt:194)
[        ] 	at org.gradle.kotlin.dsl.provider.StandardKotlinScriptEvaluator.evaluate(KotlinScriptEvaluator.kt:130)
[        ] 	at org.gradle.kotlin.dsl.provider.KotlinScriptPluginFactory$create$1.invoke(KotlinScriptPluginFactory.kt:62)
[        ] 	at org.gradle.kotlin.dsl.provider.KotlinScriptPluginFactory$create$1.invoke(KotlinScriptPluginFactory.kt:48)
[        ] 	at org.gradle.kotlin.dsl.provider.KotlinScriptPlugin.apply(KotlinScriptPlugin.kt:35)
[        ] 	at org.gradle.configuration.BuildOperationScriptPlugin$1.run(BuildOperationScriptPlugin.java:68)
[        ] 	at org.gradle.internal.operations.DefaultBuildOperationRunner$1.execute(DefaultBuildOperationRunner.java:29)
[        ] 	at org.gradle.internal.operations.DefaultBuildOperationRunner$1.execute(DefaultBuildOperationRunner.java:26)
[        ] 	at org.gradle.internal.operations.DefaultBuildOperationRunner$2.execute(DefaultBuildOperationRunner.java:66)
[        ] 	at org.gradle.internal.operations.DefaultBuildOperationRunner$2.execute(DefaultBuildOperationRunner.java:59)
[        ] 	at org.gradle.internal.operations.DefaultBuildOperationRunner.execute(DefaultBuildOperationRunner.java:166)
[        ] 	at org.gradle.internal.operations.DefaultBuildOperationRunner.execute(DefaultBuildOperationRunner.java:59)
[        ] 	at org.gradle.internal.operations.DefaultBuildOperationRunner.run(DefaultBuildOperationRunner.java:47)
[        ] 	at org.gradle.configuration.BuildOperationScriptPlugin.lambda$apply$0(BuildOperationScriptPlugin.java:65)
[        ] 	at org.gradle.internal.code.DefaultUserCodeApplicationContext.apply(DefaultUserCodeApplicationContext.java:44)
[        ] 	at org.gradle.configuration.BuildOperationScriptPlugin.apply(BuildOperationScriptPlugin.java:65)
[        ] 	at org.gradle.api.internal.project.DefaultProjectStateRegistry$ProjectStateImpl.lambda$applyToMutableState$1(DefaultProjectStateRegistry.java:411)
[        ] 	at org.gradle.api.internal.project.DefaultProjectStateRegistry$ProjectStateImpl.fromMutableState(DefaultProjectStateRegistry.java:429)
[        ] 	at org.gradle.api.internal.project.DefaultProjectStateRegistry$ProjectStateImpl.applyToMutableState(DefaultProjectStateRegistry.java:410)
[   +1 ms] 	at org.gradle.configuration.project.BuildScriptProcessor.execute(BuildScriptProcessor.java:46)
[        ] 	at org.gradle.configuration.project.BuildScriptProcessor.execute(BuildScriptProcessor.java:27)
[        ] 	at org.gradle.configuration.project.ConfigureActionsProjectEvaluator.evaluate(ConfigureActionsProjectEvaluator.java:35)
[        ] 	at org.gradle.configuration.project.LifecycleProjectEvaluator$EvaluateProject.lambda$run$0(LifecycleProjectEvaluator.java:109)
[        ] 	at org.gradle.api.internal.project.DefaultProjectStateRegistry$ProjectStateImpl.lambda$applyToMutableState$1(DefaultProjectStateRegistry.java:411)
[   +3 ms] 	at org.gradle.api.internal.project.DefaultProjectStateRegistry$ProjectStateImpl.fromMutableState(DefaultProjectStateRegistry.java:429)
[        ] 	at org.gradle.api.internal.project.DefaultProjectStateRegistry$ProjectStateImpl.applyToMutableState(DefaultProjectStateRegistry.java:410)
[        ] 	at org.gradle.configuration.project.LifecycleProjectEvaluator$EvaluateProject.run(LifecycleProjectEvaluator.java:100)
[        ] 	at org.gradle.internal.operations.DefaultBuildOperationRunner$1.execute(DefaultBuildOperationRunner.java:29)
[        ] 	at org.gradle.internal.operations.DefaultBuildOperationRunner$1.execute(DefaultBuildOperationRunner.java:26)
[        ] 	at org.gradle.internal.operations.DefaultBuildOperationRunner$2.execute(DefaultBuildOperationRunner.java:66)
[        ] 	at org.gradle.internal.operations.DefaultBuildOperationRunner$2.execute(DefaultBuildOperationRunner.java:59)
[        ] 	at org.gradle.internal.operations.DefaultBuildOperationRunner.execute(DefaultBuildOperationRunner.java:166)
[        ] 	at org.gradle.internal.operations.DefaultBuildOperationRunner.execute(DefaultBuildOperationRunner.java:59)
[        ] 	at org.gradle.internal.operations.DefaultBuildOperationRunner.run(DefaultBuildOperationRunner.java:47)
[        ] 	at org.gradle.configuration.project.LifecycleProjectEvaluator.evaluate(LifecycleProjectEvaluator.java:72)
[        ] 	at org.gradle.api.internal.project.DefaultProject.evaluateUnchecked(DefaultProject.java:828)
[        ] 	at org.gradle.api.internal.project.ProjectLifecycleController.lambda$ensureSelfConfigured$2(ProjectLifecycleController.java:85)
[        ] 	at org.gradle.internal.model.StateTransitionController.lambda$doTransition$14(StateTransitionController.java:255)
[        ] 	at org.gradle.internal.model.StateTransitionController.doTransition(StateTransitionController.java:266)
[        ] 	at org.gradle.internal.model.StateTransitionController.doTransition(StateTransitionController.java:254)
[        ] 	at org.gradle.internal.model.StateTransitionController.lambda$maybeTransitionIfNotCurrentlyTransitioning$10(StateTransitionController.java:199)
[        ] 	at org.gradle.internal.work.DefaultSynchronizer.withLock(DefaultSynchronizer.java:36)
[        ] 	at org.gradle.internal.model.StateTransitionController.maybeTransitionIfNotCurrentlyTransitioning(StateTransitionController.java:195)
[        ] 	at org.gradle.api.internal.project.ProjectLifecycleController.ensureSelfConfigured(ProjectLifecycleController.java:85)
[   +1 ms] 	at org.gradle.api.internal.project.DefaultProjectStateRegistry$ProjectStateImpl.ensureConfigured(DefaultProjectStateRegistry.java:385)
[        ] 	at org.gradle.api.internal.project.DefaultProject.evaluationDependsOn(DefaultProject.java:914)
[        ] 	at org.gradle.api.internal.project.DefaultProject.evaluationDependsOn(DefaultProject.java:905)
[        ] 	at Build_gradle$3.execute(build.gradle.kts:19)
[        ] 	at Build_gradle$3.execute(build.gradle.kts:18)
[   +1 ms] 	at org.gradle.api.internal.DefaultMutationGuard$1.execute(DefaultMutationGuard.java:66)
[        ] 	at org.gradle.internal.Actions.with(Actions.java:206)
[        ] 	at org.gradle.api.internal.project.BuildOperationCrossProjectConfigurator$1.run(BuildOperationCrossProjectConfigurator.java:68)
[        ] 	at org.gradle.internal.operations.DefaultBuildOperationRunner$1.execute(DefaultBuildOperationRunner.java:29)
[        ] 	at org.gradle.internal.operations.DefaultBuildOperationRunner$1.execute(DefaultBuildOperationRunner.java:26)
[        ] 	at org.gradle.internal.operations.DefaultBuildOperationRunner$2.execute(DefaultBuildOperationRunner.java:66)
[        ] 	at org.gradle.internal.operations.DefaultBuildOperationRunner$2.execute(DefaultBuildOperationRunner.java:59)
[        ] 	at org.gradle.internal.operations.DefaultBuildOperationRunner.execute(DefaultBuildOperationRunner.java:166)
[        ] 	at org.gradle.internal.operations.DefaultBuildOperationRunner.execute(DefaultBuildOperationRunner.java:59)
[        ] 	at org.gradle.internal.operations.DefaultBuildOperationRunner.run(DefaultBuildOperationRunner.java:47)
[        ] 	at org.gradle.api.internal.project.BuildOperationCrossProjectConfigurator.lambda$runProjectConfigureAction$0(BuildOperationCrossProjectConfigurator.java:65)
[        ] 	at org.gradle.api.internal.project.DefaultProjectStateRegistry$ProjectStateImpl.lambda$applyToMutableState$1(DefaultProjectStateRegistry.java:411)
[        ] 	at org.gradle.api.internal.project.DefaultProjectStateRegistry$ProjectStateImpl.fromMutableState(DefaultProjectStateRegistry.java:429)
[  +24 ms] 	at org.gradle.api.internal.project.DefaultProjectStateRegistry$ProjectStateImpl.applyToMutableState(DefaultProjectStateRegistry.java:410)
[   +1 ms] 	at org.gradle.api.internal.project.BuildOperationCrossProjectConfigurator.runProjectConfigureAction(BuildOperationCrossProjectConfigurator.java:65)
[        ] 	at org.gradle.api.internal.project.BuildOperationCrossProjectConfigurator.access$100(BuildOperationCrossProjectConfigurator.java:31)
[        ] 	at org.gradle.api.internal.project.BuildOperationCrossProjectConfigurator$BlockConfigureBuildOperation.run(BuildOperationCrossProjectConfigurator.java:106)
[        ] 	at org.gradle.internal.operations.DefaultBuildOperationRunner$1.execute(DefaultBuildOperationRunner.java:29)
[        ] 	at org.gradle.internal.operations.DefaultBuildOperationRunner$1.execute(DefaultBuildOperationRunner.java:26)
[        ] 	at org.gradle.internal.operations.DefaultBuildOperationRunner$2.execute(DefaultBuildOperationRunner.java:66)
[        ] 	at org.gradle.internal.operations.DefaultBuildOperationRunner$2.execute(DefaultBuildOperationRunner.java:59)
[        ] 	at org.gradle.internal.operations.DefaultBuildOperationRunner.execute(DefaultBuildOperationRunner.java:166)
[        ] 	at org.gradle.internal.operations.DefaultBuildOperationRunner.execute(DefaultBuildOperationRunner.java:59)
[        ] 	at org.gradle.internal.operations.DefaultBuildOperationRunner.run(DefaultBuildOperationRunner.java:47)
[        ] 	at org.gradle.api.internal.project.BuildOperationCrossProjectConfigurator.runBlockConfigureAction(BuildOperationCrossProjectConfigurator.java:61)
[        ] 	at org.gradle.api.internal.project.BuildOperationCrossProjectConfigurator.subprojects(BuildOperationCrossProjectConfigurator.java:47)
[        ] 	at org.gradle.api.internal.project.DefaultProject.subprojects(DefaultProject.java:781)
[        ] 	at org.gradle.api.internal.project.DefaultProject.subprojects(DefaultProject.java:776)
[        ] 	at Build_gradle.<init>(build.gradle.kts:18)
[        ] 	at Program.execute(Unknown Source)
[        ] 	at org.gradle.kotlin.dsl.execution.Interpreter$ProgramHost.eval(Interpreter.kt:516)
[   +1 ms] 	at org.gradle.kotlin.dsl.execution.Interpreter$ProgramHost.evaluateSecondStageOf(Interpreter.kt:428)
[        ] 	at Program.execute(Unknown Source)
[        ] 	at org.gradle.kotlin.dsl.execution.Interpreter$ProgramHost.eval(Interpreter.kt:516)
[        ] 	at org.gradle.kotlin.dsl.execution.Interpreter.eval(Interpreter.kt:194)
[        ] 	at org.gradle.kotlin.dsl.provider.StandardKotlinScriptEvaluator.evaluate(KotlinScriptEvaluator.kt:130)
[        ] 	at org.gradle.kotlin.dsl.provider.KotlinScriptPluginFactory$create$1.invoke(KotlinScriptPluginFactory.kt:62)
[        ] 	at org.gradle.kotlin.dsl.provider.KotlinScriptPluginFactory$create$1.invoke(KotlinScriptPluginFactory.kt:48)
[        ] 	at org.gradle.kotlin.dsl.provider.KotlinScriptPlugin.apply(KotlinScriptPlugin.kt:35)
[        ] 	at org.gradle.configuration.BuildOperationScriptPlugin$1.run(BuildOperationScriptPlugin.java:68)
[        ] 	at org.gradle.internal.operations.DefaultBuildOperationRunner$1.execute(DefaultBuildOperationRunner.java:29)
[        ] 	at org.gradle.internal.operations.DefaultBuildOperationRunner$1.execute(DefaultBuildOperationRunner.java:26)
[        ] 	at org.gradle.internal.operations.DefaultBuildOperationRunner$2.execute(DefaultBuildOperationRunner.java:66)
[        ] 	at org.gradle.internal.operations.DefaultBuildOperationRunner$2.execute(DefaultBuildOperationRunner.java:59)
[        ] 	at org.gradle.internal.operations.DefaultBuildOperationRunner.execute(DefaultBuildOperationRunner.java:166)
[        ] 	at org.gradle.internal.operations.DefaultBuildOperationRunner.execute(DefaultBuildOperationRunner.java:59)
[        ] 	at org.gradle.internal.operations.DefaultBuildOperationRunner.run(DefaultBuildOperationRunner.java:47)
[        ] 	at org.gradle.configuration.BuildOperationScriptPlugin.lambda$apply$0(BuildOperationScriptPlugin.java:65)
[        ] 	at org.gradle.internal.code.DefaultUserCodeApplicationContext.apply(DefaultUserCodeApplicationContext.java:44)
[        ] 	at org.gradle.configuration.BuildOperationScriptPlugin.apply(BuildOperationScriptPlugin.java:65)
[   +1 ms] 	at org.gradle.api.internal.project.DefaultProjectStateRegistry$ProjectStateImpl.lambda$applyToMutableState$1(DefaultProjectStateRegistry.java:411)
[        ] 	at org.gradle.api.internal.project.DefaultProjectStateRegistry$ProjectStateImpl.fromMutableState(DefaultProjectStateRegistry.java:429)
[        ] 	at org.gradle.api.internal.project.DefaultProjectStateRegistry$ProjectStateImpl.applyToMutableState(DefaultProjectStateRegistry.java:410)
[   +1 ms] 	at org.gradle.configuration.project.BuildScriptProcessor.execute(BuildScriptProcessor.java:46)
[  +15 ms] 	at org.gradle.configuration.project.BuildScriptProcessor.execute(BuildScriptProcessor.java:27)
[   +4 ms] 	at org.gradle.configuration.project.ConfigureActionsProjectEvaluator.evaluate(ConfigureActionsProjectEvaluator.java:35)
[   +1 ms] 	at org.gradle.configuration.project.LifecycleProjectEvaluator$EvaluateProject.lambda$run$0(LifecycleProjectEvaluator.java:109)
[        ] 	at org.gradle.api.internal.project.DefaultProjectStateRegistry$ProjectStateImpl.lambda$applyToMutableState$1(DefaultProjectStateRegistry.java:411)
[        ] 	at org.gradle.api.internal.project.DefaultProjectStateRegistry$ProjectStateImpl.lambda$fromMutableState$2(DefaultProjectStateRegistry.java:434)
[        ] 	at org.gradle.internal.work.DefaultWorkerLeaseService.withReplacedLocks(DefaultWorkerLeaseService.java:359)
[        ] 	at org.gradle.api.internal.project.DefaultProjectStateRegistry$ProjectStateImpl.fromMutableState(DefaultProjectStateRegistry.java:434)
[        ] 	at org.gradle.api.internal.project.DefaultProjectStateRegistry$ProjectStateImpl.applyToMutableState(DefaultProjectStateRegistry.java:410)
[        ] 	at org.gradle.configuration.project.LifecycleProjectEvaluator$EvaluateProject.run(LifecycleProjectEvaluator.java:100)
[   +3 ms] 	at org.gradle.internal.operations.DefaultBuildOperationRunner$1.execute(DefaultBuildOperationRunner.java:29)
[        ] 	at org.gradle.internal.operations.DefaultBuildOperationRunner$1.execute(DefaultBuildOperationRunner.java:26)
[        ] 	at org.gradle.internal.operations.DefaultBuildOperationRunner$2.execute(DefaultBuildOperationRunner.java:66)
[  +10 ms] 	at org.gradle.internal.operations.DefaultBuildOperationRunner$2.execute(DefaultBuildOperationRunner.java:59)
[        ] 	at org.gradle.internal.operations.DefaultBuildOperationRunner.execute(DefaultBuildOperationRunner.java:166)
[        ] 	at org.gradle.internal.operations.DefaultBuildOperationRunner.execute(DefaultBuildOperationRunner.java:59)
[        ] 	at org.gradle.internal.operations.DefaultBuildOperationRunner.run(DefaultBuildOperationRunner.java:47)
[        ] 	at org.gradle.configuration.project.LifecycleProjectEvaluator.evaluate(LifecycleProjectEvaluator.java:72)
[   +2 ms] 	at org.gradle.api.internal.project.DefaultProject.evaluateUnchecked(DefaultProject.java:828)
[        ] 	at org.gradle.api.internal.project.ProjectLifecycleController.lambda$ensureSelfConfigured$2(ProjectLifecycleController.java:85)
[        ] 	at org.gradle.internal.model.StateTransitionController.lambda$doTransition$14(StateTransitionController.java:255)
[        ] 	at org.gradle.internal.model.StateTransitionController.doTransition(StateTransitionController.java:266)
[        ] 	at org.gradle.internal.model.StateTransitionController.doTransition(StateTransitionController.java:254)
[        ] 	at org.gradle.internal.model.StateTransitionController.lambda$maybeTransitionIfNotCurrentlyTransitioning$10(StateTransitionController.java:199)
[        ] 	at org.gradle.internal.work.DefaultSynchronizer.withLock(DefaultSynchronizer.java:36)
[        ] 	at org.gradle.internal.model.StateTransitionController.maybeTransitionIfNotCurrentlyTransitioning(StateTransitionController.java:195)
[        ] 	at org.gradle.api.internal.project.ProjectLifecycleController.ensureSelfConfigured(ProjectLifecycleController.java:85)
[        ] 	at org.gradle.api.internal.project.DefaultProjectStateRegistry$ProjectStateImpl.ensureConfigured(DefaultProjectStateRegistry.java:385)
[        ] 	at org.gradle.execution.TaskPathProjectEvaluator.configure(TaskPathProjectEvaluator.java:42)
[        ] 	at org.gradle.execution.TaskPathProjectEvaluator.configureHierarchy(TaskPathProjectEvaluator.java:56)
[        ] 	at org.gradle.configuration.DefaultProjectsPreparer.prepareProjects(DefaultProjectsPreparer.java:50)
[        ] 	at org.gradle.configuration.BuildTreePreparingProjectsPreparer.prepareProjects(BuildTreePreparingProjectsPreparer.java:65)
[        ] 	at org.gradle.configuration.BuildOperationFiringProjectsPreparer$ConfigureBuild.run(BuildOperationFiringProjectsPreparer.java:52)
[   +1 ms] 	at org.gradle.internal.operations.DefaultBuildOperationRunner$1.execute(DefaultBuildOperationRunner.java:29)
[        ] 	at org.gradle.internal.operations.DefaultBuildOperationRunner$1.execute(DefaultBuildOperationRunner.java:26)
[        ] 	at org.gradle.internal.operations.DefaultBuildOperationRunner$2.execute(DefaultBuildOperationRunner.java:66)
[        ] 	at org.gradle.internal.operations.DefaultBuildOperationRunner$2.execute(DefaultBuildOperationRunner.java:59)
[        ] 	at org.gradle.internal.operations.DefaultBuildOperationRunner.execute(DefaultBuildOperationRunner.java:166)
[        ] 	at org.gradle.internal.operations.DefaultBuildOperationRunner.execute(DefaultBuildOperationRunner.java:59)
[   +1 ms] 	at org.gradle.internal.operations.DefaultBuildOperationRunner.run(DefaultBuildOperationRunner.java:47)
[        ] 	at org.gradle.configuration.BuildOperationFiringProjectsPreparer.prepareProjects(BuildOperationFiringProjectsPreparer.java:40)
[        ] 	at org.gradle.initialization.VintageBuildModelController.lambda$prepareProjects$2(VintageBuildModelController.java:84)
[   +1 ms] 	at org.gradle.internal.model.StateTransitionController.lambda$doTransition$14(StateTransitionController.java:255)
[        ] 	at org.gradle.internal.model.StateTransitionController.doTransition(StateTransitionController.java:266)
[        ] 	at org.gradle.internal.model.StateTransitionController.doTransition(StateTransitionController.java:254)
[        ] 	at org.gradle.internal.model.StateTransitionController.lambda$transitionIfNotPreviously$11(StateTransitionController.java:213)
[        ] 	at org.gradle.internal.work.DefaultSynchronizer.withLock(DefaultSynchronizer.java:36)
[        ] 	at org.gradle.internal.model.StateTransitionController.transitionIfNotPreviously(StateTransitionController.java:209)
[        ] 	at org.gradle.initialization.VintageBuildModelController.prepareProjects(VintageBuildModelController.java:84)
[        ] 	at org.gradle.initialization.VintageBuildModelController.prepareToScheduleTasks(VintageBuildModelController.java:71)
[        ] 	at org.gradle.internal.build.DefaultBuildLifecycleController.lambda$prepareToScheduleTasks$6(DefaultBuildLifecycleController.java:175)
[  +63 ms] 	at org.gradle.internal.model.StateTransitionController.lambda$doTransition$14(StateTransitionController.java:255)
[        ] 	at org.gradle.internal.model.StateTransitionController.doTransition(StateTransitionController.java:266)
[        ] 	at org.gradle.internal.model.StateTransitionController.doTransition(StateTransitionController.java:254)
[        ] 	at org.gradle.internal.model.StateTransitionController.lambda$maybeTransition$9(StateTransitionController.java:190)
[        ] 	at org.gradle.internal.work.DefaultSynchronizer.withLock(DefaultSynchronizer.java:36)
[        ] 	at org.gradle.internal.model.StateTransitionController.maybeTransition(StateTransitionController.java:186)
[        ] 	at org.gradle.internal.build.DefaultBuildLifecycleController.prepareToScheduleTasks(DefaultBuildLifecycleController.java:173)
[        ] 	at org.gradle.internal.buildtree.DefaultBuildTreeWorkPreparer.scheduleRequestedTasks(DefaultBuildTreeWorkPreparer.java:36)
[        ] 	at org.gradle.internal.cc.impl.VintageBuildTreeWorkController$scheduleAndRunRequestedTasks$1.apply(VintageBuildTreeWorkController.kt:36)
[   +9 ms] 	at org.gradle.internal.cc.impl.VintageBuildTreeWorkController$scheduleAndRunRequestedTasks$1.apply(VintageBuildTreeWorkController.kt:35)
[        ] 	at org.gradle.composite.internal.DefaultIncludedBuildTaskGraph.withNewWorkGraph(DefaultIncludedBuildTaskGraph.java:112)
[        ] 	at org.gradle.internal.cc.impl.VintageBuildTreeWorkController.scheduleAndRunRequestedTasks(VintageBuildTreeWorkController.kt:35)
[        ] 	at org.gradle.internal.buildtree.DefaultBuildTreeLifecycleController.lambda$scheduleAndRunTasks$1(DefaultBuildTreeLifecycleController.java:77)
[        ] 	at org.gradle.internal.buildtree.DefaultBuildTreeLifecycleController.lambda$runBuild$4(DefaultBuildTreeLifecycleController.java:120)
[        ] 	at org.gradle.internal.model.StateTransitionController.lambda$transition$6(StateTransitionController.java:169)
[        ] 	at org.gradle.internal.model.StateTransitionController.doTransition(StateTransitionController.java:266)
[        ] 	at org.gradle.internal.model.StateTransitionController.lambda$transition$7(StateTransitionController.java:169)
[        ] 	at org.gradle.internal.work.DefaultSynchronizer.withLock(DefaultSynchronizer.java:46)
[   +2 ms] 	at org.gradle.internal.model.StateTransitionController.transition(StateTransitionController.java:169)
[        ] 	at org.gradle.internal.buildtree.DefaultBuildTreeLifecycleController.runBuild(DefaultBuildTreeLifecycleController.java:117)
[        ] 	at org.gradle.internal.buildtree.DefaultBuildTreeLifecycleController.scheduleAndRunTasks(DefaultBuildTreeLifecycleController.java:77)
[        ] 	at org.gradle.internal.buildtree.DefaultBuildTreeLifecycleController.scheduleAndRunTasks(DefaultBuildTreeLifecycleController.java:72)
[        ] 	at org.gradle.tooling.internal.provider.ExecuteBuildActionRunner.run(ExecuteBuildActionRunner.java:31)
[        ] 	at org.gradle.launcher.exec.ChainingBuildActionRunner.run(ChainingBuildActionRunner.java:35)
[        ] 	at org.gradle.internal.buildtree.ProblemReportingBuildActionRunner.run(ProblemReportingBuildActionRunner.java:49)
[        ] 	at org.gradle.launcher.exec.BuildOutcomeReportingBuildActionRunner.run(BuildOutcomeReportingBuildActionRunner.java:71)
[        ] 	at org.gradle.tooling.internal.provider.FileSystemWatchingBuildActionRunner.run(FileSystemWatchingBuildActionRunner.java:135)
[   +4 ms] 	at org.gradle.launcher.exec.BuildCompletionNotifyingBuildActionRunner.run(BuildCompletionNotifyingBuildActionRunner.java:41)
[        ] 	at org.gradle.launcher.exec.RootBuildLifecycleBuildActionExecutor.lambda$execute$0(RootBuildLifecycleBuildActionExecutor.java:54)
[        ] 	at org.gradle.composite.internal.DefaultRootBuildState.run(DefaultRootBuildState.java:130)
[        ] 	at org.gradle.launcher.exec.RootBuildLifecycleBuildActionExecutor.execute(RootBuildLifecycleBuildActionExecutor.java:54)
[        ] 	at org.gradle.internal.buildtree.InitDeprecationLoggingActionExecutor.execute(InitDeprecationLoggingActionExecutor.java:62)
[        ] 	at org.gradle.internal.buildtree.InitProblems.execute(InitProblems.java:36)
[        ] 	at org.gradle.internal.buildtree.DefaultBuildTreeContext.execute(DefaultBuildTreeContext.java:40)
[        ] 	at org.gradle.launcher.exec.BuildTreeLifecycleBuildActionExecutor.lambda$execute$0(BuildTreeLifecycleBuildActionExecutor.java:71)
[        ] 	at org.gradle.internal.buildtree.BuildTreeState.run(BuildTreeState.java:60)
[        ] 	at org.gradle.launcher.exec.BuildTreeLifecycleBuildActionExecutor.execute(BuildTreeLifecycleBuildActionExecutor.java:71)
[  +38 ms] 	at org.gradle.launcher.exec.RunAsBuildOperationBuildActionExecutor$2.call(RunAsBuildOperationBuildActionExecutor.java:67)
[        ] 	at org.gradle.launcher.exec.RunAsBuildOperationBuildActionExecutor$2.call(RunAsBuildOperationBuildActionExecutor.java:63)
[        ] 	at org.gradle.internal.operations.DefaultBuildOperationRunner$CallableBuildOperationWorker.execute(DefaultBuildOperationRunner.java:209)
[        ] 	at org.gradle.internal.operations.DefaultBuildOperationRunner$CallableBuildOperationWorker.execute(DefaultBuildOperationRunner.java:204)
[        ] 	at org.gradle.internal.operations.DefaultBuildOperationRunner$2.execute(DefaultBuildOperationRunner.java:66)
[        ] 	at org.gradle.internal.operations.DefaultBuildOperationRunner$2.execute(DefaultBuildOperationRunner.java:59)
[        ] 	at org.gradle.internal.operations.DefaultBuildOperationRunner.execute(DefaultBuildOperationRunner.java:166)
[        ] 	at org.gradle.internal.operations.DefaultBuildOperationRunner.execute(DefaultBuildOperationRunner.java:59)
[        ] 	at org.gradle.internal.operations.DefaultBuildOperationRunner.call(DefaultBuildOperationRunner.java:53)
[   +7 ms] 	at org.gradle.launcher.exec.RunAsBuildOperationBuildActionExecutor.execute(RunAsBuildOperationBuildActionExecutor.java:63)
[        ] 	at org.gradle.launcher.exec.RunAsWorkerThreadBuildActionExecutor.lambda$execute$0(RunAsWorkerThreadBuildActionExecutor.java:36)
[        ] 	at org.gradle.internal.work.DefaultWorkerLeaseService.withLocks(DefaultWorkerLeaseService.java:263)
[        ] 	at org.gradle.internal.work.DefaultWorkerLeaseService.runAsWorkerThread(DefaultWorkerLeaseService.java:127)
[        ] 	at org.gradle.launcher.exec.RunAsWorkerThreadBuildActionExecutor.execute(RunAsWorkerThreadBuildActionExecutor.java:36)
[        ] 	at org.gradle.tooling.internal.provider.continuous.ContinuousBuildActionExecutor.execute(ContinuousBuildActionExecutor.java:110)
[        ] 	at org.gradle.tooling.internal.provider.SubscribableBuildActionExecutor.execute(SubscribableBuildActionExecutor.java:64)
[        ] 	at org.gradle.internal.session.DefaultBuildSessionContext.execute(DefaultBuildSessionContext.java:46)
[        ] 	at org.gradle.internal.buildprocess.execution.BuildSessionLifecycleBuildActionExecutor$ActionImpl.apply(BuildSessionLifecycleBuildActionExecutor.java:92)
[        ] 	at org.gradle.internal.buildprocess.execution.BuildSessionLifecycleBuildActionExecutor$ActionImpl.apply(BuildSessionLifecycleBuildActionExecutor.java:80)
[        ] 	at org.gradle.internal.session.BuildSessionState.run(BuildSessionState.java:71)
[   +2 ms] 	at org.gradle.internal.buildprocess.execution.BuildSessionLifecycleBuildActionExecutor.execute(BuildSessionLifecycleBuildActionExecutor.java:62)
[        ] 	at org.gradle.internal.buildprocess.execution.BuildSessionLifecycleBuildActionExecutor.execute(BuildSessionLifecycleBuildActionExecutor.java:41)
[        ] 	at org.gradle.internal.buildprocess.execution.StartParamsValidatingActionExecutor.execute(StartParamsValidatingActionExecutor.java:64)
[        ] 	at org.gradle.internal.buildprocess.execution.StartParamsValidatingActionExecutor.execute(StartParamsValidatingActionExecutor.java:32)
[        ] 	at org.gradle.internal.buildprocess.execution.SessionFailureReportingActionExecutor.execute(SessionFailureReportingActionExecutor.java:51)
[        ] 	at org.gradle.internal.buildprocess.execution.SessionFailureReportingActionExecutor.execute(SessionFailureReportingActionExecutor.java:39)
[  +12 ms] 	at org.gradle.internal.buildprocess.execution.SetupLoggingActionExecutor.execute(SetupLoggingActionExecutor.java:47)
[        ] 	at org.gradle.internal.buildprocess.execution.SetupLoggingActionExecutor.execute(SetupLoggingActionExecutor.java:31)
[   +1 ms] 	at org.gradle.launcher.daemon.server.exec.ExecuteBuild.doBuild(ExecuteBuild.java:70)
[        ] 	at org.gradle.launcher.daemon.server.exec.BuildCommandOnly.execute(BuildCommandOnly.java:37)
[        ] 	at org.gradle.launcher.daemon.server.api.DaemonCommandExecution.proceed(DaemonCommandExecution.java:104)
[   +5 ms] 	at org.gradle.launcher.daemon.server.exec.WatchForDisconnection.execute(WatchForDisconnection.java:39)
[   +4 ms] 	at org.gradle.launcher.daemon.server.api.DaemonCommandExecution.proceed(DaemonCommandExecution.java:104)
[        ] 	at org.gradle.launcher.daemon.server.exec.ResetDeprecationLogger.execute(ResetDeprecationLogger.java:29)
[        ] 	at org.gradle.launcher.daemon.server.api.DaemonCommandExecution.proceed(DaemonCommandExecution.java:104)
[        ] 	at org.gradle.launcher.daemon.server.exec.RequestStopIfSingleUsedDaemon.execute(RequestStopIfSingleUsedDaemon.java:35)
[        ] 	at org.gradle.launcher.daemon.server.api.DaemonCommandExecution.proceed(DaemonCommandExecution.java:104)
[        ] 	at org.gradle.launcher.daemon.server.exec.ForwardClientInput.lambda$execute$0(ForwardClientInput.java:40)
[        ] 4 actionable tasks: 4 up-to-date
[        ] 	at org.gradle.internal.daemon.clientinput.ClientInputForwarder.forwardInput(ClientInputForwarder.java:80)
[        ] 	at org.gradle.launcher.daemon.server.exec.ForwardClientInput.execute(ForwardClientInput.java:37)
[        ] 	at org.gradle.launcher.daemon.server.api.DaemonCommandExecution.proceed(DaemonCommandExecution.java:104)
[        ] 	at org.gradle.launcher.daemon.server.exec.LogAndCheckHealth.execute(LogAndCheckHealth.java:64)
[        ] 	at org.gradle.launcher.daemon.server.api.DaemonCommandExecution.proceed(DaemonCommandExecution.java:104)
[        ] 	at org.gradle.launcher.daemon.server.exec.LogToClient.doBuild(LogToClient.java:63)
[        ] 	at org.gradle.launcher.daemon.server.exec.BuildCommandOnly.execute(BuildCommandOnly.java:37)
[        ] 	at org.gradle.launcher.daemon.server.api.DaemonCommandExecution.proceed(DaemonCommandExecution.java:104)
[        ] 	at org.gradle.launcher.daemon.server.exec.EstablishBuildEnvironment.doBuild(EstablishBuildEnvironment.java:84)
[        ] 	at org.gradle.launcher.daemon.server.exec.BuildCommandOnly.execute(BuildCommandOnly.java:37)
[        ] 	at org.gradle.launcher.daemon.server.api.DaemonCommandExecution.proceed(DaemonCommandExecution.java:104)
[        ] 	at org.gradle.launcher.daemon.server.exec.StartBuildOrRespondWithBusy$1.run(StartBuildOrRespondWithBusy.java:52)
[        ] 	at org.gradle.launcher.daemon.server.DaemonStateCoordinator.lambda$runCommand$0(DaemonStateCoordinator.java:321)
[        ] 	at org.gradle.internal.concurrent.ExecutorPolicy$CatchAndRecordFailures.onExecute(ExecutorPolicy.java:64)
[        ] 	at org.gradle.internal.concurrent.AbstractManagedExecutor$1.run(AbstractManagedExecutor.java:48)
[        ] 	at java.base/java.util.concurrent.ThreadPoolExecutor.runWorker(Unknown Source)
[        ] 	at java.base/java.util.concurrent.ThreadPoolExecutor$Worker.run(Unknown Source)
[        ] 	at java.base/java.lang.Thread.run(Unknown Source)
[        ] BUILD FAILED in 15s
[  +57 ms] Watched directory hierarchies: [C:\flutter\packages\flutter_tools\gradle]
[ +193 ms] Running Gradle task 'assembleDebug'... (completed in 16,1s)
[  +35 ms] "flutter apk" took 18┬á215ms.
[ +171 ms] Gradle task assembleDebug failed with exit code 1
[   +1 ms] 
           #0      throwToolExit (package:flutter_tools/src/base/common.dart:34:3)
           #1      AndroidGradleBuilder.buildGradleApp (package:flutter_tools/src/android/gradle.dart:592:7)
           <asynchronous suspension>
           #2      AndroidGradleBuilder.buildApk (package:flutter_tools/src/android/gradle.dart:234:5)
           <asynchronous suspension>
           #3      BuildApkCommand.runCommand (package:flutter_tools/src/commands/build_apk.dart:131:5)
           <asynchronous suspension>
           #4      FlutterCommand.run.<anonymous closure> (package:flutter_tools/src/runner/flutter_command.dart:1590:27)
           <asynchronous suspension>
           #5      AppContext.run.<anonymous closure> (package:flutter_tools/src/base/context.dart:154:19)
           <asynchronous suspension>
           #6      CommandRunner.runCommand (package:args/command_runner.dart:212:13)
           <asynchronous suspension>
           #7      FlutterCommandRunner.runCommand.<anonymous closure> (package:flutter_tools/src/runner/flutter_command_runner.dart:496:9)
           <asynchronous suspension>
           #8      AppContext.run.<anonymous closure> (package:flutter_tools/src/base/context.dart:154:19)
           <asynchronous suspension>
           #9      FlutterCommandRunner.runCommand (package:flutter_tools/src/runner/flutter_command_runner.dart:431:5)
           <asynchronous suspension>
           #10     FlutterCommandRunner.run.<anonymous closure> (package:flutter_tools/src/runner/flutter_command_runner.dart:307:33)
           <asynchronous suspension>
           #11     run.<anonymous closure>.<anonymous closure> (package:flutter_tools/runner.dart:104:11)
           <asynchronous suspension>
           #12     AppContext.run.<anonymous closure> (package:flutter_tools/src/base/context.dart:154:19)
           <asynchronous suspension>
           #13     main (package:flutter_tools/executable.dart:103:3)
           <asynchronous suspension>


[   +2 ms] Running 1 shutdown hook
[   +9 ms] Shutdown hooks complete
[ +179 ms] exiting with code 1
